==== allocs
alloc 02: 8
alloc 01: 12
alloc 05: 1
alloc 06: 1
alloc 08: 1
alloc 03: 2
==== explicit_gc/full_major
100.0us..200.0us: 1
==== major/roots_finalised
200ns..300ns: 1
  0ns..100ns: 4
==== minor/finalized
200ns..300ns: 1
==== major/roots_memprof
200ns..300ns: 1
100ns..200ns: 1
  0ns..100ns: 3
==== major
5.0us..10.0us: 1
 1.0us..2.0us: 2
==== minor
10.0us..20.0us: 1
  100ns..200ns: 1
    0ns..100ns: 1
==== major/mark_final
1.0us..2.0us: 1
300ns..500ns: 1
==== major/mark_main
300ns..500ns: 1
  0ns..100ns: 1
==== explicit_gc/minor
20.0us..30.0us: 1
==== major/roots
2.0us..3.0us: 1
1.0us..2.0us: 2
==== compact/main
20.0us..30.0us: 1
==== major/mark_roots
10.0us..20.0us: 2
==== minor/local_roots
10.0us..20.0us: 1
==== compact/recompact
30.0us..50.0us: 1
==== minor/update_weak
500ns..1.0us: 1
==== minor/ref_tables
100ns..200ns: 1
==== major/roots_dynamic_global
10.0us..20.0us: 2
  100ns..200ns: 2
    0ns..100ns: 1
==== major/roots_c
300ns..500ns: 1
200ns..300ns: 3
100ns..200ns: 1
==== major/roots_local
500ns..1.0us: 1
200ns..300ns: 3
100ns..200ns: 1
==== minor/copy
500ns..1.0us: 1
==== major/mark_global_roots_slice
10.0us..20.0us: 2
==== major/roots_hook
100ns..200ns: 1
  0ns..100ns: 4
==== major/mark/slice/pointers
0..100: 2
==== major/mark/slice/fields
0..100: 2
==== minor/promoted
0..100: 1
==== major/work/extra
500.0K..1.0M: 1
      0..100: 2
==== alloc_jump
0..100: 3
==== eventlog/flush
median flush time: 19.2us
 total flush time: 19.2us
      flush count: 1
